=== P3 image generation started: Sat Apr 25 04:25:53 EDT 2026 ===
[run ] marcus-portrait @ 04:25:53
Creating task via Kie.ai API...
Task created successfully. Task ID: 0ef60551ddba77f8eaaf4db60796dd51. Polling...
Poll 1: state = waiting
Poll 2: state = waiting
Poll 3: state = waiting
Poll 4: state = waiting
Poll 5: state = waiting
Poll 6: state = waiting
Poll 7: state = waiting
Poll 8: state = waiting
Poll 9: state = waiting
Poll 10: state = waiting
Poll 11: state = waiting
Poll 12: state = waiting
Poll 13: state = waiting
Poll 14: state = waiting
Poll 15: state = waiting
Poll 16: state = waiting
Poll 17: state = waiting
Poll 18: state = waiting
Poll 19: state = waiting
Poll 20: state = waiting
Poll 21: state = waiting
Poll 22: state = waiting
Poll 23: state = waiting
Poll 24: state = waiting
Poll 25: state = waiting
Poll 26: state = success
Downloading image from https://tempfile.aiquickdraw.com/images/1777105659171-fueqd90oiuh.png
Successfully saved to /Users/takao/Documents/00_Product_Develpment/Substack/Portfolio/intentfirst/assets/img/p3/marcus-portrait.png
[ok  ] marcus-portrait done @ 04:27:43 ( 23M)
[run ] zara-portrait @ 04:27:43
Creating task via Kie.ai API...
Task created successfully. Task ID: 0ab75699d5c99b2d023f9a02537939d5. Polling...
Poll 1: state = waiting
Poll 2: state = waiting
Poll 3: state = waiting
Poll 4: state = waiting
Poll 5: state = waiting
Poll 6: state = waiting
Poll 7: state = waiting
Poll 8: state = waiting
Poll 9: state = waiting
Poll 10: state = waiting
Poll 11: state = waiting
Poll 12: state = waiting
Poll 13: state = waiting
Poll 14: state = waiting
Poll 15: state = waiting
Poll 16: state = waiting
Poll 17: state = waiting
Poll 18: state = waiting
Poll 19: state = waiting
Poll 20: state = waiting
Poll 21: state = waiting
Poll 22: state = waiting
Poll 23: state = waiting
Poll 24: state = success
Downloading image from https://tempfile.aiquickdraw.com/images/1777105760516-q5lubw5xrxp.png
Successfully saved to /Users/takao/Documents/00_Product_Develpment/Substack/Portfolio/intentfirst/assets/img/p3/zara-portrait.png
[ok  ] zara-portrait done @ 04:29:25 ( 28M)
[run ] james-portrait @ 04:29:25
Creating task via Kie.ai API...
Task created successfully. Task ID: 40720ae437c79ad174819e786a0b6939. Polling...
Poll 1: state = waiting
Poll 2: state = waiting
Poll 3: state = waiting
Poll 4: state = waiting
Poll 5: state = waiting
Poll 6: state = waiting
Poll 7: state = waiting
Poll 8: state = waiting
Poll 9: state = waiting
Poll 10: state = waiting
Poll 11: state = waiting
Poll 12: state = waiting
Poll 13: state = waiting
Poll 14: state = waiting
Poll 15: state = waiting
Poll 16: state = waiting
Poll 17: state = waiting
Poll 18: state = waiting
Poll 19: state = success
Downloading image from https://tempfile.aiquickdraw.com/images/1777105843044-53epcgwsjen.png
Successfully saved to /Users/takao/Documents/00_Product_Develpment/Substack/Portfolio/intentfirst/assets/img/p3/james-portrait.png
[ok  ] james-portrait done @ 04:30:46 ( 27M)
[run ] P3-hero-naomi-train-thumb @ 04:30:46
Creating task via Kie.ai API...
Task created successfully. Task ID: f02a5331fe9b99c01d443a50030b6bdf. Polling...
Poll 1: state = waiting
Poll 2: state = waiting
Poll 3: state = waiting
Poll 4: state = waiting
Poll 5: state = waiting
Poll 6: state = waiting
Poll 7: state = waiting
Poll 8: state = waiting
Poll 9: state = waiting
Poll 10: state = waiting
Poll 11: state = waiting
Poll 12: state = waiting
Poll 13: state = waiting
Poll 14: state = waiting
Poll 15: state = fail
Poll 16: state = fail
Poll 17: state = fail
Poll 18: state = fail
Poll 19: state = fail
Poll 20: state = fail
Poll 21: state = fail
Poll 22: state = fail
Poll 23: state = fail
Poll 24: state = fail
Poll 25: state = fail
Poll 26: state = fail
Poll 27: state = fail
Poll 28: state = fail
Poll 29: state = fail
Poll 30: state = fail
Poll 31: state = fail
Poll 32: state = fail
Poll 33: state = fail
Poll 34: state = fail
Poll 35: state = fail
Poll 36: state = fail
Poll 37: state = fail
Poll 38: state = fail
Poll 39: state = fail
Poll 40: state = fail
Poll 41: state = fail
Poll 42: state = fail
Poll 43: state = fail
Poll 44: state = fail
Poll 45: state = fail
Poll 46: state = fail
Poll 47: state = fail
Poll 48: state = fail
Poll 49: state = fail
Poll 50: state = fail
Poll 51: state = fail
Poll 52: state = fail
Poll 53: state = fail
Poll 54: state = fail
Poll 55: state = fail
Poll 56: state = fail
Poll 57: state = fail
Poll 58: state = fail
Poll 59: state = fail
Poll 60: state = fail
ERROR: Timed out waiting for job completion
[FAIL] P3-hero-naomi-train-thumb
[run ] P3-ch01-setup @ 04:34:57
Creating task via Kie.ai API...
Task created successfully. Task ID: 80cc61f657c6bbaec1b2d6c3b76bd391. Polling...
Poll 1: state = waiting
Poll 2: state = waiting
Poll 3: state = waiting
Poll 4: state = waiting
Poll 5: state = waiting
Poll 6: state = waiting
Poll 7: state = waiting
Poll 8: state = waiting
Poll 9: state = waiting
Poll 10: state = waiting
Poll 11: state = waiting
Poll 12: state = waiting
Poll 13: state = waiting
Poll 14: state = waiting
Poll 15: state = waiting
Poll 16: state = waiting
Poll 17: state = waiting
Poll 18: state = waiting
Poll 19: state = waiting
Poll 20: state = waiting
Poll 21: state = waiting
Poll 22: state = waiting
Poll 23: state = waiting
Poll 24: state = waiting
Poll 25: state = waiting
Poll 26: state = waiting
Poll 27: state = success
Downloading image from https://tempfile.aiquickdraw.com/images/1777106205807-tg8rfmw2jf.png
Successfully saved to /Users/takao/Documents/00_Product_Develpment/Substack/Portfolio/intentfirst/assets/img/p3/P3-ch01-setup.png
[ok  ] P3-ch01-setup done @ 04:36:52 ( 35M)
[run ] P3-ch02-grammar @ 04:36:52
Creating task via Kie.ai API...
Task created successfully. Task ID: 266bf198324c61c169dff6f3ea529e63. Polling...
Poll 1: state = waiting
Poll 2: state = waiting
Poll 3: state = waiting
Poll 4: state = waiting
Poll 5: state = waiting
Poll 6: state = waiting
Poll 7: state = waiting
Poll 8: state = waiting
Poll 9: state = waiting
Poll 10: state = waiting
Poll 11: state = waiting
Poll 12: state = waiting
Poll 13: state = waiting
Poll 14: state = waiting
Poll 15: state = waiting
Poll 16: state = waiting
Poll 17: state = waiting
Poll 18: state = waiting
Poll 19: state = waiting
Poll 20: state = waiting
Poll 21: state = waiting
Poll 22: state = success
Downloading image from https://tempfile.aiquickdraw.com/images/1777106302155-2hkytw4wuf4.png
Successfully saved to /Users/takao/Documents/00_Product_Develpment/Substack/Portfolio/intentfirst/assets/img/p3/P3-ch02-grammar.png
[ok  ] P3-ch02-grammar done @ 04:38:25 ( 18M)
[run ] P3-ch03-day @ 04:38:25
Creating task via Kie.ai API...
Task created successfully. Task ID: 14fd11767eb0af035d0f042fca540695. Polling...
Poll 1: state = waiting
Poll 2: state = waiting
Poll 3: state = waiting
Poll 4: state = waiting
Poll 5: state = waiting
Poll 6: state = waiting
Poll 7: state = waiting
Poll 8: state = waiting
Poll 9: state = waiting
Poll 10: state = waiting
Poll 11: state = waiting
Poll 12: state = waiting
Poll 13: state = waiting
Poll 14: state = waiting
Poll 15: state = success
Downloading image from https://tempfile.aiquickdraw.com/images/1777106363805-6rvoiht153s.png
Successfully saved to /Users/takao/Documents/00_Product_Develpment/Substack/Portfolio/intentfirst/assets/img/p3/P3-ch03-day.png
[ok  ] P3-ch03-day done @ 04:39:29 ( 34M)
[run ] P3-ch04-breaks @ 04:39:29
Creating task via Kie.ai API...
Task created successfully. Task ID: 6be4e0559bb000ab4d97660e21e32040. Polling...
Poll 1: state = waiting
Poll 2: state = waiting
Poll 3: state = waiting
Poll 4: state = waiting
Poll 5: state = waiting
Poll 6: state = waiting
Poll 7: state = waiting
Poll 8: state = waiting
Poll 9: state = waiting
Poll 10: state = waiting
Poll 11: state = waiting
Poll 12: state = waiting
Poll 13: state = waiting
Poll 14: state = waiting
Poll 15: state = waiting
Poll 16: state = waiting
Poll 17: state = waiting
Poll 18: state = waiting
Poll 19: state = waiting
Poll 20: state = waiting
Poll 21: state = waiting
Poll 22: state = waiting
Poll 23: state = waiting
Poll 24: state = waiting
Poll 25: state = success
Downloading image from https://tempfile.aiquickdraw.com/images/1777106470798-2esdbr7919p.png
Successfully saved to /Users/takao/Documents/00_Product_Develpment/Substack/Portfolio/intentfirst/assets/img/p3/P3-ch04-breaks.png
[ok  ] P3-ch04-breaks done @ 04:41:15 ( 30M)
[run ] P3-ch05-overtime @ 04:41:15
Creating task via Kie.ai API...
Task created successfully. Task ID: 7105886078ced0303d50a252d24cf171. Polling...
Poll 1: state = waiting
Poll 2: state = waiting
Poll 3: state = waiting
Poll 4: state = waiting
Poll 5: state = waiting
Poll 6: state = waiting
Poll 7: state = waiting
Poll 8: state = waiting
Poll 9: state = waiting
Poll 10: state = waiting
Poll 11: state = waiting
Poll 12: state = waiting
Poll 13: state = waiting
Poll 14: state = waiting
Poll 15: state = waiting
Poll 16: state = waiting
Poll 17: state = waiting
Poll 18: state = waiting
Poll 19: state = waiting
Poll 20: state = waiting
Poll 21: state = waiting
Poll 22: state = waiting
Poll 23: state = waiting
Poll 24: state = success
Downloading image from https://tempfile.aiquickdraw.com/images/1777106573031-tbc6f07c68a.png
Successfully saved to /Users/takao/Documents/00_Product_Develpment/Substack/Portfolio/intentfirst/assets/img/p3/P3-ch05-overtime.png
[ok  ] P3-ch05-overtime done @ 04:42:57 ( 36M)
[run ] P3-ch06-close @ 04:42:57
Creating task via Kie.ai API...
Task created successfully. Task ID: 143de8db15c0c61298047e1a1f40b5d9. Polling...
Poll 1: state = waiting
Poll 2: state = waiting
Poll 3: state = waiting
Poll 4: state = waiting
Poll 5: state = waiting
Poll 6: state = waiting
Poll 7: state = waiting
Poll 8: state = waiting
Poll 9: state = waiting
Poll 10: state = waiting
Poll 11: state = waiting
Poll 12: state = waiting
Poll 13: state = waiting
Poll 14: state = waiting
Poll 15: state = waiting
Poll 16: state = waiting
Poll 17: state = waiting
Poll 18: state = waiting
Poll 19: state = waiting
Poll 20: state = waiting
Poll 21: state = success
Downloading image from https://tempfile.aiquickdraw.com/images/1777106660922-u6eiha9fxe.png
Successfully saved to /Users/takao/Documents/00_Product_Develpment/Substack/Portfolio/intentfirst/assets/img/p3/P3-ch06-close.png
[ok  ] P3-ch06-close done @ 04:44:27 ( 33M)
=== Generating thumbs + avatars: Sat Apr 25 04:44:27 EDT 2026 ===
thumb P3-ch01-setup.png
thumb P3-ch01-setup-sm.png
thumb P3-ch02-grammar.png
thumb P3-ch02-grammar-sm.png
thumb P3-ch03-day.png
thumb P3-ch03-day-sm.png
thumb P3-ch04-breaks.png
thumb P3-ch04-breaks-sm.png
thumb P3-ch05-overtime.png
thumb P3-ch05-overtime-sm.png
thumb P3-ch06-close.png
thumb P3-ch06-close-sm.png
thumb james-portrait.png
thumb james-portrait-sm.png
thumb marcus-portrait.png
thumb marcus-portrait-sm.png
thumb zara-portrait.png
thumb zara-portrait-sm.png
avatar naomi-avatar.png
avatar marcus-avatar.png
avatar zara-avatar.png
avatar james-avatar.png
done
=== P3 image generation finished: Sat Apr 25 04:44:40 EDT 2026 ===
